A main command with multiple arguments for options. v1.0.0
